// Vitest Snapshot v1

exports[`renders checked state 1`] = `<span data-v-b5259680="" class="checked"><input data-v-b5259680="" type="checkbox"></span>`;

exports[`renders unchecked state 1`] = `<span data-v-b5259680="" class=""><input data-v-b5259680="" type="checkbox"></span>`;
