// Vitest Snapshot v1

exports[`renders 1`] = `<li><a class="" href="#/youtube"><br data-testid="Icon" icon="[object Object]" fixed-width=""><span>A Random Video</span></a></li>`;
